../Core/Src/main.c:147:5:_write	24	static
../Core/Src/main.c:153:6:HAL_TIM_PeriodElapsedCallback	16	static
../Core/Src/main.c:171:6:ProcessReceivedData	24	static
../Core/Src/main.c:182:6:HAL_UART_RxCpltCallback	16	static
../Core/Src/main.c:191:6:PID_Init	32	static
../Core/Src/main.c:203:6:SetSpeed	16	static
../Core/Src/main.c:208:6:Odometry_Init	16	static
../Core/Src/main.c:215:6:Update_Odometry	56	static
../Core/Src/main.c:229:6:SetTarget	16	static
../Core/Src/main.c:235:6:CalculateTargetSpeed	72	static
../Core/Src/main.c:268:6:SetMotorDirection	16	static
../Core/Src/main.c:287:6:SendDataToQt	264	static
../Core/Src/main.c:294:7:PID_Compute	32	static
../Core/Src/main.c:323:5:main	24	static
../Core/Src/main.c:478:6:SystemClock_Config	96	static
../Core/Src/main.c:526:6:ProcessData	1048	static
../Core/Src/main.c:541:6:ScanAndInitializeSensors	16	static
../Core/Src/main.c:583:6:Scan_I2C_Devices	16	static
../Core/Src/main.c:608:6:Initialize_Two_Sensors	16	static
../Core/Src/main.c:632:6:I2C_ResetBus	8	static
../Core/Src/main.c:653:6:Error_Handler	4	static,ignoring_inline_asm
