../Core/Src/main.c:152:5:_write	24	static
../Core/Src/main.c:158:6:HAL_TIM_PeriodElapsedCallback	16	static
../Core/Src/main.c:174:6:ProcessReceivedData	24	static
../Core/Src/main.c:185:6:HAL_UART_RxCpltCallback	16	static
../Core/Src/main.c:194:6:PID_Init	32	static
../Core/Src/main.c:206:6:SetSpeed	16	static
../Core/Src/main.c:211:6:Odometry_Init	16	static
../Core/Src/main.c:218:6:Update_Odometry	56	static
../Core/Src/main.c:232:6:SetTarget	16	static
../Core/Src/main.c:238:6:CalculateTargetSpeed	72	static
../Core/Src/main.c:271:6:SetMotorDirection	16	static
../Core/Src/main.c:290:6:SendDataToQt	264	static
../Core/Src/main.c:297:7:PID_Compute	32	static
../Core/Src/main.c:326:5:main	16	static
../Core/Src/main.c:448:6:SystemClock_Config	96	static
../Core/Src/main.c:496:6:read_sensors	16	static
../Core/Src/main.c:553:6:ProcessData	280	static
../Core/Src/main.c:572:6:init_sensors	24	static
../Core/Src/main.c:629:6:Scan_I2C_Devices	56	static
../Core/Src/main.c:678:6:Error_Handler	4	static,ignoring_inline_asm
